src/components/CommentsDrawer.tsx(46,19): error TS2352: Conversion of type '{ id: any; content: any; created_at: any; profiles: { username: any; avatar_url: any; }[]; }[]' to type 'Comment[]' may be a mistake because neither type sufficiently overlaps with the other. If this was intentional, convert the expression to 'unknown' first.
  Type '{ id: any; content: any; created_at: any; profiles: { username: any; avatar_url: any; }[]; }' is not comparable to type 'Comment'.
    Types of property 'profiles' are incompatible.
      Type '{ username: any; avatar_url: any; }[]' is missing the following properties from type '{ username: string; avatar_url: string; }': username, avatar_url
src/components/CreateStoryModal.tsx(48,35): error TS6133: 'data' is declared but its value is never read.
src/components/StoryViewer.tsx(3,13): error TS6133: 'ChevronLeft' is declared but its value is never read.
src/components/StoryViewer.tsx(3,26): error TS6133: 'ChevronRight' is declared but its value is never read.
src/components/ui/hover-button.tsx(16,39): error TS6133: 'ref' is declared but its value is never read.
src/components/ui/tooltip.tsx(5,38): error TS6133: 'delayDuration' is declared but its value is never read.
src/layouts/AppLayout.tsx(1,1): error TS6133: 'React' is declared but its value is never read.
src/pages/Activity.tsx(1,8): error TS6133: 'React' is declared but its value is never read.
src/pages/Explore.tsx(1,8): error TS6133: 'React' is declared but its value is never read.
src/pages/Explore.tsx(2,1): error TS6133: 'motion' is declared but its value is never read.
src/pages/Explore.tsx(32,18): error TS2352: Conversion of type '{ id: any; image_url: any; media_type: any; profiles: { username: any; }[]; }[]' to type 'Post[]' may be a mistake because neither type sufficiently overlaps with the other. If this was intentional, convert the expression to 'unknown' first.
  Type '{ id: any; image_url: any; media_type: any; profiles: { username: any; }[]; }' is not comparable to type 'Post'.
    Types of property 'profiles' are incompatible.
      Property 'username' is missing in type '{ username: any; }[]' but required in type '{ username: string; }'.
src/pages/Home.tsx(1,8): error TS6133: 'React' is declared but its value is never read.
src/pages/Home.tsx(1,38): error TS6133: 'useRef' is declared but its value is never read.
src/pages/Home.tsx(117,52): error TS2503: Cannot find namespace 'NodeJS'.
src/pages/Home.tsx(408,10): error TS6133: 'payload' is declared but its value is never read.
src/pages/Home.tsx(416,10): error TS6133: 'payload' is declared but its value is never read.
src/pages/Login.tsx(1,27): error TS6133: 'useEffect' is declared but its value is never read.
src/pages/Profile.tsx(1,8): error TS6133: 'React' is declared but its value is never read.
src/pages/Profile.tsx(2,1): error TS6133: 'motion' is declared but its value is never read.
src/pages/Signup.tsx(98,23): error TS2322: Type '{ hidden: { opacity: number; filter: string; y: number; }; visible: { opacity: number; filter: string; y: number; transition: { type: string; bounce: number; duration: number; }; }; }' is not assignable to type 'Variants'.
  Property 'visible' is incompatible with index signature.
    Type '{ opacity: number; filter: string; y: number; transition: { type: string; bounce: number; duration: number; }; }' is not assignable to type 'Variant'.
      Type '{ opacity: number; filter: string; y: number; transition: { type: string; bounce: number; duration: number; }; }' is not assignable to type 'TargetAndTransition'.
        Type '{ opacity: number; filter: string; y: number; transition: { type: string; bounce: number; duration: number; }; }' is not assignable to type '{ transition?: Transition<any> | undefined; transitionEnd?: ResolvedValues$1 | undefined; }'.
          Types of property 'transition' are incompatible.
            Type '{ type: string; bounce: number; duration: number; }' is not assignable to type 'Transition<any> | undefined'.
              Type '{ type: string; bounce: number; duration: number; }' is not assignable to type 'TransitionWithValueOverrides<any>'.
                Type '{ type: string; bounce: number; duration: number; }' is not assignable to type 'ValueAnimationTransition<any>'.
                  Types of property 'type' are incompatible.
                    Type 'string' is not assignable to type 'AnimationGeneratorType | undefined'.
src/pages/Signup.tsx(112,23): error TS2322: Type '{ hidden: { opacity: number; filter: string; y: number; }; visible: { opacity: number; filter: string; y: number; transition: { type: string; bounce: number; duration: number; }; }; }' is not assignable to type 'Variants'.
  Property 'visible' is incompatible with index signature.
    Type '{ opacity: number; filter: string; y: number; transition: { type: string; bounce: number; duration: number; }; }' is not assignable to type 'Variant'.
      Type '{ opacity: number; filter: string; y: number; transition: { type: string; bounce: number; duration: number; }; }' is not assignable to type 'TargetAndTransition'.
        Type '{ opacity: number; filter: string; y: number; transition: { type: string; bounce: number; duration: number; }; }' is not assignable to type '{ transition?: Transition<any> | undefined; transitionEnd?: ResolvedValues$1 | undefined; }'.
          Types of property 'transition' are incompatible.
            Type '{ type: string; bounce: number; duration: number; }' is not assignable to type 'Transition<any> | undefined'.
              Type '{ type: string; bounce: number; duration: number; }' is not assignable to type 'TransitionWithValueOverrides<any>'.
                Type '{ type: string; bounce: number; duration: number; }' is not assignable to type 'ValueAnimationTransition<any>'.
                  Types of property 'type' are incompatible.
                    Type 'string' is not assignable to type 'AnimationGeneratorType | undefined'.
src/pages/Signup.tsx(125,23): error TS2322: Type '{ hidden: { opacity: number; filter: string; y: number; }; visible: { opacity: number; filter: string; y: number; transition: { type: string; bounce: number; duration: number; }; }; }' is not assignable to type 'Variants'.
  Property 'visible' is incompatible with index signature.
    Type '{ opacity: number; filter: string; y: number; transition: { type: string; bounce: number; duration: number; }; }' is not assignable to type 'Variant'.
      Type '{ opacity: number; filter: string; y: number; transition: { type: string; bounce: number; duration: number; }; }' is not assignable to type 'TargetAndTransition'.
        Type '{ opacity: number; filter: string; y: number; transition: { type: string; bounce: number; duration: number; }; }' is not assignable to type '{ transition?: Transition<any> | undefined; transitionEnd?: ResolvedValues$1 | undefined; }'.
          Types of property 'transition' are incompatible.
            Type '{ type: string; bounce: number; duration: number; }' is not assignable to type 'Transition<any> | undefined'.
              Type '{ type: string; bounce: number; duration: number; }' is not assignable to type 'TransitionWithValueOverrides<any>'.
                Type '{ type: string; bounce: number; duration: number; }' is not assignable to type 'ValueAnimationTransition<any>'.
                  Types of property 'type' are incompatible.
                    Type 'string' is not assignable to type 'AnimationGeneratorType | undefined'.
